// Jest Snapshot v1, https://goo.gl/fbAQLP

exports[`MovieList Component should render correctly in "debug" mode 1`] = `""`;

exports[`MovieList Component should render movies correctly with given data 1`] = `""`;
