// Jest Snapshot v1, https://goo.gl/fbAQLP

exports[`App Component should render correctly 1`] = `
<Switch>
  <Route
    component={[Function]}
    exact={true}
    key="0"
    path="/"
  />
  <Route
    component={[Function]}
    key="1"
    path="/movie/:id"
  />
</Switch>
`;
