// Jest Snapshot v1, https://goo.gl/fbAQLP

exports[`Search Filters Container Component should render correctly 1`] = `
<ContextConsumer>
  <Component />
</ContextConsumer>
`;
