// Jest Snapshot v1, https://goo.gl/fbAQLP

exports[`Movie Count Component should render correctly 1`] = `
<div
  className="main_container"
>
  <label
    className="count"
    id="count"
  >
    2
  </label>
  <span>
    movies found
  </span>
</div>
`;
